c0     (Color     0) ;
c1     (Color     1) ;
c2     (Color     2) ;
c3     (Color     3) ;
c4     (Color     4) ;
c5     (Color     5) ;
c6     (Color     6) ;
c7     (Color     7) ;
c8     (Color     8) ;
c9     (Color     9) ;
c10    (Color    10) ;
c11    (Color    11) ;
c12    (Color    12) ;
c13    (Color    13) ;
c14    (Color    14) ;
c15    (Color    15) ;
c16    (Color    16) ;
c17    (Color    17) ;
c18    (Color    18) ;
c19    (Color    19) ;
c20    (Color    20) ;
c21    (Color    21) ;
c22    (Color    22) ;
c23    (Color    23) ;
c24    (Color    24) ;
c25    (Color    25) ;
c26    (Color    26) ;
c27    (Color    27) ;
c28    (Color    28) ;
c29    (Color    29) ;
c30    (Color    30) ;
c31    (Color    31) ;
c32    (Color    32) ;
c33    (Color    33) ;
c34    (Color    34) ;
c35    (Color    35) ;
c36    (Color    36) ;
c37    (Color    37) ;
c38    (Color    38) ;
c39    (Color    39) ;
c40    (Color    40) ;
c41    (Color    41) ;
c42    (Color    42) ;
c43    (Color    43) ;
c44    (Color    44) ;
c45    (Color    45) ;
c46    (Color    46) ;
c47    (Color    47) ;
c48    (Color    48) ;
c49    (Color    49) ;
c50    (Color    50) ;
c51    (Color    51) ;
c52    (Color    52) ;
c53    (Color    53) ;
c54    (Color    54) ;
c55    (Color    55) ;
c56    (Color    56) ;
c57    (Color    57) ;
c58    (Color    58) ;
c59    (Color    59) ;
c60    (Color    60) ;
c61    (Color    61) ;
c62    (Color    62) ;
c63    (Color    63) ;
c64    (Color    64) ;
c65    (Color    65) ;
c66    (Color    66) ;
c67    (Color    67) ;
c68    (Color    68) ;
c69    (Color    69) ;
c70    (Color    70) ;
c71    (Color    71) ;
c72    (Color    72) ;
c73    (Color    73) ;
c74    (Color    74) ;
c75    (Color    75) ;
c76    (Color    76) ;
c77    (Color    77) ;
c78    (Color    78) ;
c79    (Color    79) ;
c80    (Color    80) ;
c81    (Color    81) ;
c82    (Color    82) ;
c83    (Color    83) ;
c84    (Color    84) ;
c85    (Color    85) ;
c86    (Color    86) ;
c87    (Color    87) ;
c88    (Color    88) ;
c89    (Color    89) ;
c90    (Color    90) ;
c91    (Color    91) ;
c92    (Color    92) ;
c93    (Color    93) ;
c94    (Color    94) ;
c95    (Color    95) ;
c96    (Color    96) ;
c97    (Color    97) ;
c98    (Color    98) ;
c99    (Color    99) ;
c100   (Color   100) ;
c101   (Color   101) ;
c102   (Color   102) ;
c103   (Color   103) ;
c104   (Color   104) ;
c105   (Color   105) ;
c106   (Color   106) ;
c107   (Color   107) ;
c108   (Color   108) ;
c109   (Color   109) ;
c110   (Color   110) ;
c111   (Color   111) ;
c112   (Color   112) ;
c113   (Color   113) ;
c114   (Color   114) ;
c115   (Color   115) ;
c116   (Color   116) ;
c117   (Color   117) ;
c118   (Color   118) ;
c119   (Color   119) ;
c120   (Color   120) ;
c121   (Color   121) ;
c122   (Color   122) ;
c123   (Color   123) ;
c124   (Color   124) ;
c125   (Color   125) ;
c126   (Color   126) ;
c127   (Color   127) ;
c128   (Color   128) ;
c129   (Color   129) ;
c130   (Color   130) ;
c131   (Color   131) ;
c132   (Color   132) ;
c133   (Color   133) ;
c134   (Color   134) ;
c135   (Color   135) ;
c136   (Color   136) ;
c137   (Color   137) ;
c138   (Color   138) ;
c139   (Color   139) ;
c140   (Color   140) ;
c141   (Color   141) ;
c142   (Color   142) ;
c143   (Color   143) ;
c144   (Color   144) ;
c145   (Color   145) ;
c146   (Color   146) ;
c147   (Color   147) ;
c148   (Color   148) ;
c149   (Color   149) ;
c150   (Color   150) ;
c151   (Color   151) ;
c152   (Color   152) ;
c153   (Color   153) ;
c154   (Color   154) ;
c155   (Color   155) ;
c156   (Color   156) ;
c157   (Color   157) ;
c158   (Color   158) ;
c159   (Color   159) ;
c160   (Color   160) ;
c161   (Color   161) ;
c162   (Color   162) ;
c163   (Color   163) ;
c164   (Color   164) ;
c165   (Color   165) ;
c166   (Color   166) ;
c167   (Color   167) ;
c168   (Color   168) ;
c169   (Color   169) ;
c170   (Color   170) ;
c171   (Color   171) ;
c172   (Color   172) ;
c173   (Color   173) ;
c174   (Color   174) ;
c175   (Color   175) ;
c176   (Color   176) ;
c177   (Color   177) ;
c178   (Color   178) ;
c179   (Color   179) ;
c180   (Color   180) ;
c181   (Color   181) ;
c182   (Color   182) ;
c183   (Color   183) ;
c184   (Color   184) ;
c185   (Color   185) ;
c186   (Color   186) ;
c187   (Color   187) ;
c188   (Color   188) ;
c189   (Color   189) ;
c190   (Color   190) ;
c191   (Color   191) ;
c192   (Color   192) ;
c193   (Color   193) ;
c194   (Color   194) ;
c195   (Color   195) ;
c196   (Color   196) ;
c197   (Color   197) ;
c198   (Color   198) ;
c199   (Color   199) ;
c200   (Color   200) ;
c201   (Color   201) ;
c202   (Color   202) ;
c203   (Color   203) ;
c204   (Color   204) ;
c205   (Color   205) ;
c206   (Color   206) ;
c207   (Color   207) ;
c208   (Color   208) ;
c209   (Color   209) ;
c210   (Color   210) ;
c211   (Color   211) ;
c212   (Color   212) ;
c213   (Color   213) ;
c214   (Color   214) ;
c215   (Color   215) ;
c216   (Color   216) ;
c217   (Color   217) ;
c218   (Color   218) ;
c219   (Color   219) ;
c220   (Color   220) ;
c221   (Color   221) ;
c222   (Color   222) ;
c223   (Color   223) ;
c224   (Color   224) ;
c225   (Color   225) ;
c226   (Color   226) ;
c227   (Color   227) ;
c228   (Color   228) ;
c229   (Color   229) ;
c230   (Color   230) ;
c231   (Color   231) ;
c232   (Color   232) ;
c233   (Color   233) ;
c234   (Color   234) ;
c235   (Color   235) ;
c236   (Color   236) ;
c237   (Color   237) ;
c238   (Color   238) ;
c239   (Color   239) ;
c240   (Color   240) ;
c241   (Color   241) ;
c242   (Color   242) ;
c243   (Color   243) ;
c244   (Color   244) ;
c245   (Color   245) ;
c246   (Color   246) ;
c247   (Color   247) ;
c248   (Color   248) ;
c249   (Color   249) ;
c250   (Color   250) ;
c251   (Color   251) ;
c252   (Color   252) ;
c253   (Color   253) ;
c254   (Color   254) ;
c255   (Color   255) ;
